<rount>
 <objects>
   
<LittleMonster x='100' y='100' dx='2' dy='0'/> 
<LittleMonster x='200' y='100' dx='2' dy='0'/> 
<LittleMonster x='300' y='100' dx='2' dy='0'/> 
<LittleMonster x='400' y='100' dx='2' dy='0'/> 
<LittleMonster x='500' y='100' dx='2' dy='0'/> 
<LittleMonster x='600' y='100' dx='2' dy='0'/> 
<LittleMonster x='700' y='100' dx='2' dy='0'/> 
<LittleMonster x='800' y='100' dx='2' dy='0'/> 
<LittleMonster x='100' y='200' dx='2' dy='0'/> 
<LittleMonster x='200' y='200' dx='2' dy='0'/> 
<LittleMonster x='300' y='200' dx='2' dy='0'/> 
<LittleMonster x='400' y='200' dx='2' dy='0'/> 
<LittleMonster x='500' y='200' dx='2' dy='0'/> 
<LittleMonster x='600' y='200' dx='2' dy='0'/> 
<LittleMonster x='700' y='200' dx='2' dy='0'/> 
<LittleMonster x='800' y='200' dx='2' dy='0'/> 
<MiddleMonster x='400' y='160' dx='1' dy='0'/> 
<MiddleMonster x='500' y='160' dx='4' dy='0'/> 

<MiddleMonster x='700' y='160' dx='1' dy='0'/> 
<MiddleMonster x='300' y='160' dx='4' dy='0'/> 
<MiddleMonster x='800' y='160' dx='2' dy='0'/> 


</objects>
</rount>